com\campus\repair\service\MenuService.class
com\campus\repair\mapper\UserMapper.class
com\campus\repair\service\impl\RepairServiceImpl.class
com\campus\repair\controller\UserController.class
com\campus\repair\entity\Role.class
com\campus\repair\service\FaultTypeService.class
com\campus\repair\config\WebConfig.class
com\campus\repair\mapper\RepairMapper.class
com\campus\repair\mapper\EvaluateMapper.class
com\campus\repair\service\impl\FaultTypeServiceImpl.class
com\campus\repair\entity\Evaluate.class
com\campus\repair\util\StringUtil.class
com\campus\repair\mapper\MenuMapper.class
com\campus\repair\controller\MenuController.class
com\campus\repair\service\impl\UserServiceImpl.class
com\campus\repair\entity\Repair.class
com\campus\repair\service\impl\MenuServiceImpl.class
com\campus\repair\controller\FaultTypeController.class
com\campus\repair\entity\FaultType.class
com\campus\repair\mapper\RoleMapper.class
com\campus\repair\entity\Menu.class
com\campus\repair\entity\User.class
com\campus\repair\service\UserService.class
com\campus\repair\service\impl\EvaluateServiceImpl.class
com\campus\repair\interceptor\LoginInterceptor.class
com\campus\repair\mapper\FaultTypeMapper.class
com\campus\repair\util\Result.class
com\campus\repair\CampusRepairApplication.class
com\campus\repair\service\RepairService.class
com\campus\repair\controller\EvaluateController.class
com\campus\repair\controller\RepairController.class
com\campus\repair\service\EvaluateService.class
