C:\Users\Administrator\IdeaProjects\demo1\src\main\java\com\campus\repair\util\StringUtil.java
C:\Users\Administrator\IdeaProjects\demo1\src\main\java\com\campus\repair\controller\MenuController.java
C:\Users\Administrator\IdeaProjects\demo1\src\main\java\com\campus\repair\interceptor\LoginInterceptor.java
C:\Users\Administrator\IdeaProjects\demo1\src\main\java\com\campus\repair\service\impl\FaultTypeServiceImpl.java
C:\Users\Administrator\IdeaProjects\demo1\src\main\java\com\campus\repair\service\MenuService.java
C:\Users\Administrator\IdeaProjects\demo1\src\main\java\com\campus\repair\mapper\RoleMapper.java
C:\Users\Administrator\IdeaProjects\demo1\src\main\java\com\campus\repair\mapper\RepairMapper.java
C:\Users\Administrator\IdeaProjects\demo1\src\main\java\com\campus\repair\config\WebConfig.java
C:\Users\Administrator\IdeaProjects\demo1\src\main\java\com\campus\repair\service\impl\EvaluateServiceImpl.java
C:\Users\Administrator\IdeaProjects\demo1\src\main\java\com\campus\repair\entity\Evaluate.java
C:\Users\Administrator\IdeaProjects\demo1\src\main\java\com\campus\repair\service\impl\MenuServiceImpl.java
C:\Users\Administrator\IdeaProjects\demo1\src\main\java\com\campus\repair\service\RepairService.java
C:\Users\Administrator\IdeaProjects\demo1\src\main\java\com\campus\repair\service\FaultTypeService.java
C:\Users\Administrator\IdeaProjects\demo1\src\main\java\com\campus\repair\mapper\FaultTypeMapper.java
C:\Users\Administrator\IdeaProjects\demo1\src\main\java\com\campus\repair\entity\Menu.java
C:\Users\Administrator\IdeaProjects\demo1\src\main\java\com\campus\repair\CampusRepairApplication.java
C:\Users\Administrator\IdeaProjects\demo1\src\main\java\com\campus\repair\controller\RepairController.java
C:\Users\Administrator\IdeaProjects\demo1\src\main\java\com\campus\repair\mapper\MenuMapper.java
C:\Users\Administrator\IdeaProjects\demo1\src\main\java\com\campus\repair\mapper\UserMapper.java
C:\Users\Administrator\IdeaProjects\demo1\src\main\java\com\campus\repair\util\Result.java
C:\Users\Administrator\IdeaProjects\demo1\src\main\java\com\campus\repair\controller\EvaluateController.java
C:\Users\Administrator\IdeaProjects\demo1\src\main\java\com\campus\repair\controller\FaultTypeController.java
C:\Users\Administrator\IdeaProjects\demo1\src\main\java\com\campus\repair\service\EvaluateService.java
C:\Users\Administrator\IdeaProjects\demo1\src\main\java\com\campus\repair\service\impl\UserServiceImpl.java
C:\Users\Administrator\IdeaProjects\demo1\src\main\java\com\campus\repair\controller\UserController.java
C:\Users\Administrator\IdeaProjects\demo1\src\main\java\com\campus\repair\entity\User.java
C:\Users\Administrator\IdeaProjects\demo1\src\main\java\com\campus\repair\service\impl\RepairServiceImpl.java
C:\Users\Administrator\IdeaProjects\demo1\src\main\java\com\campus\repair\entity\Repair.java
C:\Users\Administrator\IdeaProjects\demo1\src\main\java\com\campus\repair\entity\Role.java
C:\Users\Administrator\IdeaProjects\demo1\src\main\java\com\campus\repair\entity\FaultType.java
C:\Users\Administrator\IdeaProjects\demo1\src\main\java\com\campus\repair\mapper\EvaluateMapper.java
C:\Users\Administrator\IdeaProjects\demo1\src\main\java\com\campus\repair\service\UserService.java
